// Jest Snapshot v1, https://goo.gl/fbAQLP

exports[`render without props 1`] = `
.c0 {
  width: 40px;
  height: 40px;
  margin: 40px auto;
  position: relative;
}

.c0 > .c1::before {
  background-color: #333;
}

<div
  className="c0"
  color="#333"
  size={40}
/>
`;
