// Jest Snapshot v1, https://goo.gl/fbAQLP

exports[`render without props 1`] = `
<styled.div
  color="#333"
  size={40}
>
  <styled.div
    delay={1.2}
    rotate={0}
  />
  <styled.div
    delay={1.1}
    rotate={30}
  />
  <styled.div
    delay={1}
    rotate={60}
  />
  <styled.div
    delay={0.9}
    rotate={90}
  />
  <styled.div
    delay={0.8}
    rotate={120}
  />
  <styled.div
    delay={0.7}
    rotate={150}
  />
  <styled.div
    delay={0.6}
    rotate={180}
  />
  <styled.div
    delay={0.5}
    rotate={210}
  />
  <styled.div
    delay={0.4}
    rotate={240}
  />
  <styled.div
    delay={0.3}
    rotate={270}
  />
  <styled.div
    delay={0.2}
    rotate={300}
  />
  <styled.div
    delay={0.1}
    rotate={330}
  />
</styled.div>
`;
