// Jest Snapshot v1, https://goo.gl/fbAQLP

exports[`render without props 1`] = `
<styled.div
  color="#eee"
  size={40}
>
  <styled.div />
  <styled.div
    second={true}
  />
</styled.div>
`;
