// Jest Snapshot v1, https://goo.gl/fbAQLP

exports[`render without props 1`] = `
<styled.div
  color="#333"
  size={40}
>
  <styled.div
    delay={0.2}
    key="0"
  />
  <styled.div
    delay={0.3}
    key="1"
  />
  <styled.div
    delay={0.4}
    key="2"
  />
  <styled.div
    delay={0.1}
    key="3"
  />
  <styled.div
    delay={0.2}
    key="4"
  />
  <styled.div
    delay={0.3}
    key="5"
  />
  <styled.div
    delay={0}
    key="6"
  />
  <styled.div
    delay={0.1}
    key="7"
  />
  <styled.div
    delay={0.2}
    key="8"
  />
</styled.div>
`;
