// Jest Snapshot v1, https://goo.gl/fbAQLP

exports[`render Child 1`] = `
.c0 {
  width: 33.33%;
  height: 33.33%;
  float: left;
  -webkit-animation: cQEajE 1.3s infinite ease-in-out s;
  animation: cQEajE 1.3s infinite ease-in-out s;
}

<div
  className="c0"
/>
`;

exports[`render without props 1`] = `
.c0 {
  width: 40px;
  height: 40px;
  margin: 40px auto;
}

.c0 > .sc-bdVaJa {
  background-color: #333;
}

<div
  className="c0"
  color="#333"
  size={40}
/>
`;
