// Jest Snapshot v1, https://goo.gl/fbAQLP

exports[`render without props 1`] = `
<styled.div
  color="#333"
  size={40}
>
  <styled.div
    delay={-1.2}
    key="-1.2"
    transform={30}
  />
  <styled.div
    delay={-1.1}
    key="-1.1"
    transform={60}
  />
  <styled.div
    delay={-1}
    key="-1"
    transform={90}
  />
  <styled.div
    delay={-0.9}
    key="-0.9"
    transform={120}
  />
  <styled.div
    delay={-0.8}
    key="-0.8"
    transform={150}
  />
  <styled.div
    delay={-0.7}
    key="-0.7"
    transform={180}
  />
  <styled.div
    delay={-0.6}
    key="-0.6"
    transform={210}
  />
  <styled.div
    delay={-0.5}
    key="-0.5"
    transform={240}
  />
  <styled.div
    delay={-0.4}
    key="-0.4"
    transform={270}
  />
  <styled.div
    delay={-0.3}
    key="-0.3"
    transform={300}
  />
  <styled.div
    delay={-0.2}
    key="-0.2"
    transform={330}
  />
  <styled.div
    delay={-0.1}
    key="-0.1"
    transform={360}
  />
</styled.div>
`;
