// Jest Snapshot v1, https://goo.gl/fbAQLP

exports[`render without props 1`] = `
.jUCBPe {
  width: 40px;
  height: 40px;
  background-color: #333;
  margin: 40px auto;
  border-radius: 100%;
  -webkit-animation: dqpBcv 1s ease-in-out infinite;
  animation: dqpBcv 1s ease-in-out infinite;
}

<div
  className="sc-bdVaJa jUCBPe"
  color="#333"
  size={40}
/>
`;
