// Jest Snapshot v1, https://goo.gl/fbAQLP

exports[`render without props 1`] = `
<styled.div
  color="#333"
  size={40}
  speed={1.8}
>
  <styled.div
    delay={1.8}
    size={10}
  />
  <styled.div
    delay={0.9}
    size={10}
  />
</styled.div>
`;
