// Jest Snapshot v1, https://goo.gl/fbAQLP

exports[`render without props 1`] = `
<styled.div
  color="#333"
  size={40}
>
  <styled.div
    delay={0}
    duration={2.4}
    scale={0}
  />
  <styled.div
    delay={0.3}
    duration={2.4}
    scale={90}
  />
  <styled.div
    delay={0.9}
    duration={2.4}
    scale={270}
  />
  <styled.div
    delay={0.6}
    duration={2.4}
    scale={180}
  />
</styled.div>
`;
