// Jest Snapshot v1, https://goo.gl/fbAQLP

exports[`render without props 1`] = `
<styled.div
  color="#333"
  size={40}
>
  <styled.div />
  <styled.div
    isDelay={true}
  />
</styled.div>
`;
