// Jest Snapshot v1, https://goo.gl/fbAQLP

exports[`render Child 1`] = `
.c0 {
  width: 7px;
  height: 100%;
  margin: 0 3px 0 0;
  display: inline-block;
  -webkit-animation-delay: s;
  animation-delay: s;
}

<div
  className="c0"
/>
`;

exports[`render without props 1`] = `
.c0 {
  margin: 40px auto;
  width: 50px;
  height: 40px;
  text-align: center;
  font-size: 10px;
}

.c0 > .c1 {
  background-color: #333;
  -webkit-animation-name: kCGIFG;
  animation-name: kCGIFG;
  -webkit-animation-duration: s;
  animation-duration: s;
  -webkit-animation-timing-function: ease-in-out;
  animation-timing-function: ease-in-out;
  -webkit-animation-iteration-count: infinite;
  animation-iteration-count: infinite;
}

<div
  className="c0"
  color="#333"
  size={40}
/>
`;
